// Jest Snapshot v1, https://goo.gl/fbAQLP

exports[`Badge renders correctly 1`] = `
<div
  className="c-gprliu c-gprliu-cmPWsT-color-blue"
>
  Click Me
</div>
`;
